<html>
<body>
<pre>
<h1>礦ision Build Log</h1>
<h2>Tool Versions:</h2>
IDE-Version: μVision V5.14.0.0
Copyright (C) 2015 ARM Ltd and ARM Germany GmbH. All rights reserved.
License Information: W BinB_W, BinB_W, LIC=NQQ63-ANXAX-9SYYS-LL4ZR-0QQ6S-RC0YF
 
Tool Versions:
Toolchain:       MDK-ARM Standard  Version: 5.14.0.0
Toolchain Path:  D:\Software\ProfessionalSoftware\Keil_5\Keil_v5\ARM\ARMCC\Bin
C Compiler:      Armcc.exe V5.05 update 1 (build 106)
Assembler:       Armasm.exe V5.05 update 1 (build 106)
Linker/Locator:  ArmLink.exe V5.05 update 1 (build 106)
Library Manager: ArmAr.exe V5.05 update 1 (build 106)
Hex Converter:   FromElf.exe V5.05 update 1 (build 106)
CPU DLL:         SARMCM3.DLL V5.14.0.0
Dialog DLL:      DARMSTM.DLL V1.65.0.0
Target DLL:      UL2CM3.DLL V1.155.0.0
Dialog DLL:      TARMSTM.DLL V1.64.0.0
 
<h2>Project:</h2>
F:\资源整合\MyResources\LearningMaterial\Engineer\单片机的世界\STM32单片机资料\程序代码通用模版\Model\Model.uvprojx
Project File Date:  04/27/2017

<h2>Output:</h2>
Build target 'generator_control_panel V1.0'
compiling main.c...
compiling init.c...
compiling scheduler.c...
compiling device_timer.c...
compiling device_led.c...
compiling device_pwm_out.c...
compiling driver_led.c...
compiling driver_time.c...
compiling driver_pwm_out.c...
compiling core_cm3.c...
assembling startup_stm32f10x_md.s...
compiling misc.c...
compiling stm32f10x_adc.c...
compiling stm32f10x_bkp.c...
compiling stm32f10x_exti.c...
compiling stm32f10x_flash.c...
compiling stm32f10x_fsmc.c...
compiling stm32f10x_gpio.c...
compiling stm32f10x_pwr.c...
compiling stm32f10x_rcc.c...
compiling stm32f10x_rtc.c...
compiling stm32f10x_sdio.c...
compiling stm32f10x_tim.c...
compiling stm32f10x_usart.c...
compiling stm32f10x_wwdg.c...
compiling stm32f10x_it.c...
compiling system_stm32f10x.c...
linking...
Program Size: Code=2632 RO-data=268 RW-data=60 ZI-data=1652  
".\Objects\Model.axf" - 0 Error(s), 0 Warning(s).

<h2>Collection of Component include folders:</h2>
  F:\资源整合\MyResources\LearningMaterial\Engineer\单片机的世界\STM32单片机资料\程序代码通用模版\Model\RTE
  D:\Software\ProfessionalSoftware\Keil_5\Keil_v5\ARM\PACK\Keil\STM32F1xx_DFP\1.0.5\Device\Include

<h2>Collection of Component Files used:</h2>
</pre>
</body>
</html>
